Product: MDK-ARM Standard 5.10
Component: ARM Compiler 5.04 update 1 (build 49)
Tool: armlink [5040049]

==============================================================================

Section Cross References

    startup_lpc11xx.o(STACK) refers (Special) to heapauxi.o(.text) for __use_two_region_memory
    startup_lpc11xx.o(HEAP) refers (Special) to heapauxi.o(.text) for __use_two_region_memory
    startup_lpc11xx.o(RESET) refers (Special) to heapauxi.o(.text) for __use_two_region_memory
    startup_lpc11xx.o(RESET) refers to startup_lpc11xx.o(STACK) for __initial_sp
    startup_lpc11xx.o(RESET) refers to startup_lpc11xx.o(.text) for Reset_Handler
    startup_lpc11xx.o(RESET) refers to main.o(.text) for SysTick_Handler
    startup_lpc11xx.o(RESET) refers to can.o(.text) for CAN_IRQHandler
    startup_lpc11xx.o(RESET) refers to ssp.o(.text) for SSP1_IRQHandler
    startup_lpc11xx.o(RESET) refers to i2c.o(.text) for I2C_IRQHandler
    startup_lpc11xx.o(RESET) refers to timer32.o(.text) for TIMER32_0_IRQHandler
    startup_lpc11xx.o(RESET) refers to uart.o(.text) for UART_IRQHandler
    startup_lpc11xx.o(RESET) refers to wdt.o(.text) for WDT_IRQHandler
    startup_lpc11xx.o(RESET) refers to lpc11c14_it.o(.text) for PIOINT3_IRQHandler
    startup_lpc11xx.o(.ARM.__at_0x02FC) refers (Special) to heapauxi.o(.text) for __use_two_region_memory
    startup_lpc11xx.o(.text) refers (Special) to heapauxi.o(.text) for __use_two_region_memory
    startup_lpc11xx.o(.text) refers to __main.o(!!!main) for __main
    startup_lpc11xx.o(.text) refers to startup_lpc11xx.o(HEAP) for Heap_Mem
    startup_lpc11xx.o(.text) refers to startup_lpc11xx.o(STACK) for Stack_Mem
    system_lpc11xx.o(.text) refers to system_lpc11xx.o(.data) for ClockSource
    gpio.o(.text) refers to gpio.o(.constdata) for LPC_GPIO
    uart.o(.text) refers to aeabi_sdiv.o(.text) for __aeabi_uidivmod
    uart.o(.text) refers to c89vsnprintf.o(.text) for __c89vsnprintf
    uart.o(.text) refers to uart.o(.data) for UARTStatus
    uart.o(.text) refers to uart.o(.bss) for UARTBuffer
    uart.o(.text) refers to system_lpc11xx.o(.data) for SystemAHBFrequency
    retarget.o(.text) refers (Special) to use_no_semi.o(.text) for __use_no_semihosting_swi
    retarget.o(.text) refers to uart.o(.data) for UARTCount
    retarget.o(.text) refers to uart.o(.bss) for UARTBuffer
    retarget.o(.data) refers (Special) to use_no_semi.o(.text) for __use_no_semihosting_swi
    timer32.o(.text) refers to aeabi_sdiv.o(.text) for __aeabi_uidivmod
    timer32.o(.text) refers to system_lpc11xx.o(.data) for SystemAHBFrequency
    timer32.o(.text) refers to timer32.o(.data) for timer32_0_counter
    ssp.o(.text) refers to gpio.o(.text) for GPIOSetDir
    ssp.o(.text) refers to ssp.o(.data) for interruptOverRunStat0
    i2c.o(.text) refers to i2c.o(i.__ARM_common_switch8) for __ARM_common_switch8
    i2c.o(.text) refers to i2c.o(.data) for WrIndex
    can.o(.text) refers to can.o(.bss) for can_buff
    can.o(.text) refers to can.o(.data) for EWarnCnt
    adc.o(.text) refers to _printf_percent.o(.ARM.Collect$$_printf_percent$$00000000) for _printf_percent
    adc.o(.text) refers to _printf_d.o(.ARM.Collect$$_printf_percent$$00000009) for _printf_d
    adc.o(.text) refers to _printf_dec.o(.text) for _printf_int_dec
    adc.o(.text) refers to aeabi_sdiv.o(.text) for __aeabi_uidivmod
    adc.o(.text) refers to rt_memcpy.o(.emb_text) for __aeabi_memcpy4
    adc.o(.text) refers to dflti.o(.text) for __aeabi_ui2d
    adc.o(.text) refers to dmul.o(.text) for __aeabi_dmul
    adc.o(.text) refers to ddiv.o(.text) for __aeabi_ddiv
    adc.o(.text) refers to d2f.o(.text) for __aeabi_d2f
    adc.o(.text) refers to fmul.o(x$fpl$fmul) for __aeabi_fmul
    adc.o(.text) refers to ffixui.o(.text) for __aeabi_f2uiz
    adc.o(.text) refers to __2snprintf.o(.text) for __2snprintf
    adc.o(.text) refers to oled2864.o(.text) for OLED_DisStrLine
    adc.o(.text) refers to adc.o(.bss) for ADCValue
    adc.o(.text) refers to system_lpc11xx.o(.data) for SystemAHBFrequency
    adc.o(.text) refers to adc.o(.constdata) for .constdata
    wdt.o(.text) refers to wdt.o(.data) for wdt_counter
    tools.o(.text) refers to aeabi_sdiv.o(.text) for __aeabi_uidivmod
    key.o(.text) refers to gpio.o(.text) for GPIOSetDir
    seg7led.o(.text) refers to gpio.o(.text) for GPIOSetDir
    seg7led.o(.text) refers to seg7led.o(.constdata) for segcode
    oled2864.o(.text) refers to gpio.o(.text) for GPIOSetValue
    oled2864.o(.text) refers to ssp.o(.text) for SPI_PutGet
    oled2864.o(.text) refers to oled2864.o(.constdata) for Ascii_1
    temp_hum.o(.text) refers to _printf_percent.o(.ARM.Collect$$_printf_percent$$00000000) for _printf_percent
    temp_hum.o(.text) refers to _printf_d.o(.ARM.Collect$$_printf_percent$$00000009) for _printf_d
    temp_hum.o(.text) refers to _printf_dec.o(.text) for _printf_int_dec
    temp_hum.o(.text) refers to gpio.o(.text) for GPIOIntDisable
[...]
    .ARM.Collect$$libshutdown$$00000000      0x00000242   Section        2  libshutdown.o(.ARM.Collect$$libshutdown$$00000000)
    .ARM.Collect$$libshutdown$$00000003      0x00000244   Section        0  libshutdown2.o(.ARM.Collect$$libshutdown$$00000003)
    .ARM.Collect$$libshutdown$$00000006      0x00000244   Section        0  libshutdown2.o(.ARM.Collect$$libshutdown$$00000006)
    .ARM.Collect$$libshutdown$$00000009      0x00000244   Section        0  libshutdown2.o(.ARM.Collect$$libshutdown$$00000009)
    .ARM.Collect$$libshutdown$$0000000B      0x00000244   Section        0  libshutdown2.o(.ARM.Collect$$libshutdown$$0000000B)
    .ARM.Collect$$libshutdown$$0000000E      0x00000244   Section        0  libshutdown2.o(.ARM.Collect$$libshutdown$$0000000E)
    .ARM.Collect$$libshutdown$$0000000F      0x00000244   Section        2  libshutdown2.o(.ARM.Collect$$libshutdown$$0000000F)
    .ARM.Collect$$rtentry$$00000000          0x00000246   Section        0  rtentry.o(.ARM.Collect$$rtentry$$00000000)
    .ARM.Collect$$rtentry$$00000002          0x00000246   Section        0  rtentry2.o(.ARM.Collect$$rtentry$$00000002)
    .ARM.Collect$$rtentry$$00000004          0x00000246   Section        6  rtentry4.o(.ARM.Collect$$rtentry$$00000004)
    .ARM.Collect$$rtentry$$00000009          0x0000024c   Section        0  rtentry2.o(.ARM.Collect$$rtentry$$00000009)
    .ARM.Collect$$rtentry$$0000000A          0x0000024c   Section        4  rtentry2.o(.ARM.Collect$$rtentry$$0000000A)
    .ARM.Collect$$rtentry$$0000000C          0x00000250   Section        0  rtentry2.o(.ARM.Collect$$rtentry$$0000000C)
    .ARM.Collect$$rtentry$$0000000D          0x00000250   Section        8  rtentry2.o(.ARM.Collect$$rtentry$$0000000D)
    .ARM.Collect$$rtexit$$00000000           0x00000258   Section        2  rtexit.o(.ARM.Collect$$rtexit$$00000000)
    .ARM.Collect$$rtexit$$00000002           0x0000025a   Section        0  rtexit2.o(.ARM.Collect$$rtexit$$00000002)
    .ARM.Collect$$rtexit$$00000003           0x0000025a   Section        4  rtexit2.o(.ARM.Collect$$rtexit$$00000003)
    .ARM.Collect$$rtexit$$00000004           0x0000025e   Section        6  rtexit2.o(.ARM.Collect$$rtexit$$00000004)
    .emb_text                                0x00000264   Section       56  rt_memcpy.o(.emb_text)
    .text                                    0x0000029c   Section       52  startup_lpc11xx.o(.text)
    .text                                    0x000002d0   Section        2  use_no_semi.o(.text)
    .text                                    0x000002d4   Section        0  __2printf.o(.text)
    .text                                    0x000002f0   Section        0  heapauxi.o(.text)
    x$fpl$usenofp                            0x000002f6   Section        0  usenofp.o(x$fpl$usenofp)
    .ARM.__at_0x02FC                         0x000002fc   Section        4  startup_lpc11xx.o(.ARM.__at_0x02FC)
    .text                                    0x00000300   Section        0  system_lpc11xx.o(.text)
    .text                                    0x000003e4   Section        0  clkconfig.o(.text)
    .text                                    0x00000460   Section        0  gpio.o(.text)
    NVIC_EnableIRQ                           0x0000082b   Thumb Code    14  gpio.o(.text)
    .text                                    0x00000854   Section        0  uart.o(.text)
    .text                                    0x00000aa8   Section        0  retarget.o(.text)
    .text                                    0x00000b34   Section        0  timer32.o(.text)
    NVIC_EnableIRQ                           0x00000fcf   Thumb Code    14  timer32.o(.text)
    .text                                    0x00000fe8   Section        0  ssp.o(.text)
    NVIC_EnableIRQ                           0x0000157d   Thumb Code    14  ssp.o(.text)
    .text                                    0x00001598   Section        0  i2c.o(.text)
    .text                                    0x000018a4   Section        0  can.o(.text)
    .text                                    0x00001c0c   Section        0  adc.o(.text)
    .text                                    0x00001eac   Section        0  wdt.o(.text)
    .text                                    0x00001fd8   Section        0  tools.o(.text)
    .text                                    0x0000206c   Section        0  key.o(.text)
    .text                                    0x00002114   Section        0  seg7led.o(.text)
    .text                                    0x000021a4   Section        0  oled2864.o(.text)
    .text                                    0x00002ab4   Section        0  temp_hum.o(.text)
    .text                                    0x00002f74   Section        0  light.o(.text)
    readControlReg                           0x00002fcb   Thumb Code    32  light.o(.text)
    readCommandReg                           0x000030b7   Thumb Code    32  light.o(.text)
    .text                                    0x0000331c   Section        0  acc.o(.text)
    getStatus                                0x0000331d   Thumb Code    32  acc.o(.text)
    setModeControl                           0x000033b5   Thumb Code    24  acc.o(.text)
    getModeControl                           0x00003489   Thumb Code    32  acc.o(.text)
    .text                                    0x00003648   Section        0  rfid.o(.text)
    SPI0_Send                                0x0000387f   Thumb Code   106  rfid.o(.text)
    .text                                    0x00003b54   Section        0  spi_uart.o(.text)
    .text                                    0x000043b0   Section        0  main.o(.text)
    NVIC_SetPriority                         0x000043b1   Thumb Code   110  main.o(.text)
    .text                                    0x00004768   Section        0  menu.o(.text)
    .text                                    0x00004830   Section        0  led_spk_fan.o(.text)
    .text                                    0x00004c00   Section        0  lpc11c14_it.o(.text)
    .text                                    0x00004cf4   Section        0  c89vsnprintf.o(.text)
    .text                                    0x00004d2c   Section        0  __2snprintf.o(.text)
    .text                                    0x00004d68   Section        0  _printf_pad.o(.text)
    .text                                    0x00004db6   Section        0  _printf_str.o(.text)
    .text                                    0x00004e08   Section        0  _printf_dec.o(.text)
    .text                                    0x00004e74   Section        0  _printf_hex_int_ll_ptr.o(.text)
    _printf_hex_common                       0x00004e75   Thumb Code     0  _printf_hex_int_ll_ptr.o(.text)
    .text                                    0x00004f0c   Section        0  __printf_flags_ss_wp.o(.text)
    .text                                    0x00005094   Section        0  rt_memcpy.o(.text)
    .text                                    0x00005116   Section        0  aeabi_memset.o(.text)
    .text                                    0x00005128   Section        0  rt_memclr.o(.text)
    .text                                    0x00005168   Section      346  aeabi_sdiv.o(.text)
    .text                                    0x000052c4   Section        0  d2f.o(.text)
    .text                                    0x00005340   Section        0  ddiv.o(.text)
    .text                                    0x00005788   Section        0  dflti.o(.text)
    .text                                    0x000057e0   Section        0  dmul.o(.text)
    .text                                    0x00005a48   Section        0  ffixui.o(.text)
    .text                                    0x00005a78   Section        0  _printf_truncate.o(.text)
    .text                                    0x00005a9c   Section        0  _printf_intcommon.o(.text)
    .text                                    0x00005b4c   Section        0  _printf_charcount.o(.text)
    .text                                    0x00005b74   Section        0  _printf_char_common.o(.text)
    _printf_input_char                       0x00005b75   Thumb Code    10  _printf_char_common.o(.text)
    .text                                    0x00005ba4   Section        0  _sputc.o(.text)
    .text                                    0x00005bae   Section        0  _snputc.o(.text)
    .text                                    0x00005bbe   Section        0  _printf_char.o(.text)
    .text                                    0x00005bec   Section        0  _printf_char_file.o(.text)
    .text                                    0x00005c14   Section        0  _printf_wctomb.o(.text)
    .text                                    0x00005cd0   Section        0  _printf_longlong_dec.o(.text)
    .text                                    0x00005d40   Section        0  _printf_oct_int_ll.o(.text)
    _printf_longlong_oct_internal            0x00005d41   Thumb Code     0  _printf_oct_int_ll.o(.text)
    .text                                    0x00005db0   Section        0  rtudiv10.o(.text)
    .text                                    0x00005dd8   Section        0  lludiv10.o(.text)
    .text                                    0x00005e54   Section        0  _printf_fp_dec.o(.text)
    _fp_digits                               0x00005e57   Thumb Code   408  _printf_fp_dec.o(.text)
    .text                                    0x00006268   Section        0  _printf_wchar.o(.text)
    .text                                    0x00006296   Section        0  _wcrtomb.o(.text)
    .text                                    0x000062da   Section       62  sys_stackheap_outer.o(.text)
    .text                                    0x00006318   Section       16  rt_ctype_table.o(.text)
    .text                                    0x00006328   Section        8  rt_locale_intlibspace.o(.text)
    .text                                    0x00006330   Section        0  _printf_fp_infnan.o(.text)
    .text                                    0x000063b8   Section        0  bigflt0.o(.text)
    .text                                    0x00006480   Section        0  btod.o(.text)
    btod_internal_mul                        0x000064c1   Thumb Code   456  btod.o(.text)
    btod_internal_div                        0x00006689   Thumb Code   494  btod.o(.text)
    .text                                    0x00006928   Section        0  exit.o(.text)
    .text                                    0x00006934   Section        8  libspace.o(.text)
    .text                                    0x0000693c   Section        0  strcmp.o(.text)
    i.__ARM_common_ll_muluu                  0x000069c4   Section        0  btod.o(i.__ARM_common_ll_muluu)
    i.__ARM_common_switch8                   0x000069f4   Section        0  i2c.o(i.__ARM_common_switch8)
    i.__ARM_fpclassify                       0x00006a10   Section        0  fpclassify.o(i.__ARM_fpclassify)
    i._is_digit                              0x00006a3c   Section        0  __printf_wp.o(i._is_digit)
    locale$$code                             0x00006a4c   Section       44  lc_numeric_c.o(locale$$code)
    locale$$code                             0x00006a78   Section       44  lc_ctype_c.o(locale$$code)
    x$fpl$fmul                               0x00006aa4   Section      176  fmul.o(x$fpl$fmul)
    x$fpl$printf1                            0x00006b54   Section       16  printf1.o(x$fpl$printf1)
    .constdata                               0x00006b64   Section       16  gpio.o(.constdata)
    LPC_GPIO                                 0x00006b64   Data          16  gpio.o(.constdata)
    .constdata                               0x00006b74   Section       74  adc.o(.constdata)
    LPC_GPIO                                 0x00006b74   Data          16  adc.o(.constdata)
    .constdata                               0x00006bc0   Section       48  seg7led.o(.constdata)
    LPC_GPIO                                 0x00006bc0   Data          16  seg7led.o(.constdata)
    .constdata                               0x00006bf0   Section     1948  oled2864.o(.constdata)
    LPC_GPIO                                 0x00006bf0   Data          16  oled2864.o(.constdata)
    .constdata                               0x0000738c   Section       84  rfid.o(.constdata)
    LPC_GPIO                                 0x0000738c   Data          16  rfid.o(.constdata)
    .constdata                               0x000073e0   Section       40  _printf_hex_int_ll_ptr.o(.constdata)
    uc_hextab                                0x000073e0   Data          20  _printf_hex_int_ll_ptr.o(.constdata)
    lc_hextab                                0x000073f4   Data          20  _printf_hex_int_ll_ptr.o(.constdata)
    .constdata                               0x00007408   Section       17  __printf_flags_ss_wp.o(.constdata)
    maptable                                 0x00007408   Data          17  __printf_flags_ss_wp.o(.constdata)
    .constdata                               0x00007419   Section      128  ddiv.o(.constdata)
    ddiv_reciptbl                            0x00007419   Data         128  ddiv.o(.constdata)
    .constdata                               0x0000749c   Section        8  _printf_wctomb.o(.constdata)
    initial_mbstate                          0x0000749c   Data           8  _printf_wctomb.o(.constdata)
    .constdata                               0x000074a4   Section      148  bigflt0.o(.constdata)
    tenpwrs_x                                0x000074a4   Data          60  bigflt0.o(.constdata)
    tenpwrs_i                                0x000074e0   Data          64  bigflt0.o(.constdata)
    locale$$data                             0x00007558   Section       28  lc_numeric_c.o(locale$$data)
    __lcnum_c_name                           0x0000755c   Data           2  lc_numeric_c.o(locale$$data)
    __lcnum_c_start                          0x00007564   Data           0  lc_numeric_c.o(locale$$data)
    __lcnum_c_point                          0x00007570   Data           0  lc_numeric_c.o(locale$$data)
    __lcnum_c_thousands                      0x00007572   Data           0  lc_numeric_c.o(locale$$data)
    __lcnum_c_grouping                       0x00007573   Data           0  lc_numeric_c.o(locale$$data)
    locale$$data                             0x00007574   Section      272  lc_ctype_c.o(locale$$data)
    __lcnum_c_end                            0x00007574   Data           0  lc_numeric_c.o(locale$$data)
    __lcctype_c_name                         0x00007578   Data           2  lc_ctype_c.o(locale$$data)
    __lcctype_c_start                        0x00007580   Data           0  lc_ctype_c.o(locale$$data)
    __lcctype_c_end                          0x00007684   Data           0  lc_ctype_c.o(locale$$data)
    .data                                    0x10000000   Section       12  system_lpc11xx.o(.data)
    .data                                    0x1000000c   Section       16  uart.o(.data)
    .data                                    0x1000001c   Section        8  retarget.o(.data)
    .data                                    0x10000024   Section       24  timer32.o(.data)
    .data                                    0x1000003c   Section       24  ssp.o(.data)
    .data                                    0x10000054   Section       41  i2c.o(.data)
    I2CMasterState                           0x10000054   Data           4  i2c.o(.data)
    I2CSlaveState                            0x10000058   Data           4  i2c.o(.data)
    I2CMode                                  0x1000005c   Data           4  i2c.o(.data)
    I2CCount                                 0x10000060   Data           4  i2c.o(.data)
    I2CMasterBuffer                          0x10000064   Data           4  i2c.o(.data)
    I2CSlaveBuffer                           0x10000068   Data           4  i2c.o(.data)
    I2CReadLength                            0x1000006c   Data           4  i2c.o(.data)
    I2CWriteLength                           0x10000070   Data           4  i2c.o(.data)
    RdIndex                                  0x10000074   Data           4  i2c.o(.data)
    WrIndex                                  0x10000078   Data           4  i2c.o(.data)
    I2CAddr                                  0x1000007c   Data           1  i2c.o(.data)
    .data                                    0x10000080   Section       12  can.o(.data)
    .data                                    0x1000008c   Section        4  wdt.o(.data)
    .data                                    0x10000090   Section        8  light.o(.data)
    range                                    0x10000090   Data           4  light.o(.data)
    width                                    0x10000094   Data           4  light.o(.data)
    .data                                    0x10000098   Section        4  rfid.o(.data)
    ch                                       0x10000098   Data           1  rfid.o(.data)
    goodsno                                  0x10000099   Data           1  rfid.o(.data)
    NameFlag                                 0x1000009a   Data           1  rfid.o(.data)
    WFlag                                    0x1000009b   Data           1  rfid.o(.data)
    .data                                    0x1000009c   Section        8  spi_uart.o(.data)
    .data                                    0x100000a4   Section       16  main.o(.data)
    cnt                                      0x100000ac   Data           1  main.o(.data)
    Tick                                     0x100000b0   Data           4  main.o(.data)
    .data                                    0x100000b4   Section        8  led_spk_fan.o(.data)
    .data                                    0x100000bc   Section       40  lpc11c14_it.o(.data)
    .bss                                     0x100000e4   Section       64  uart.o(.bss)
    .bss                                     0x10000124   Section      896  can.o(.bss)
    .bss                                     0x100004a4   Section       32  adc.o(.bss)
    .bss                                     0x100004c4   Section      136  rfid.o(.bss)
    menu1                                    0x100004c4   Data         136  rfid.o(.bss)
    .bss                                     0x1000054c   Section      256  spi_uart.o(.bss)
    .bss                                     0x1000064c   Section       96  libspace.o(.bss)
    HEAP                                     0x100006b0   Section        0  startup_lpc11xx.o(HEAP)
    STACK                                    0x100006b0   Section      512  startup_lpc11xx.o(STACK)
    Heap_Mem                                 0x100006b0   Data           0  startup_lpc11xx.o(HEAP)
    Stack_Mem                                0x100006b0   Data         512  startup_lpc11xx.o(STACK)
    __initial_sp                             0x100008b0   Data           0  startup_lpc11xx.o(STACK)

    Global Symbols

    Symbol Name                              Value     Ov Type        Size  Object(Section)

    BuildAttributes$$THM_ISAv3M$S$PE$A:L22$X:L11$S22$IEEE1$IW$USESV6$~STKCKD$USESV7$~SHL$OTIME$ROPI$IEEEJ$EBA8$UX$STANDARDLIB$REQ8$PRES8$EABIv2 0x00000000   Number         0  anon$$obj.o ABSOLUTE
    __ARM_use_no_argv                        0x00000000   Number         0  main.o ABSOLUTE
    __Vectors                                0x00000000   Data           4  startup_lpc11xx.o(RESET)
    _printf_flags                            0x00000000   Number         0  printf_stubs.o ABSOLUTE
    _printf_return_value                     0x00000000   Number         0  printf_stubs.o ABSOLUTE
    _printf_sizespec                         0x00000000   Number         0  printf_stubs.o ABSOLUTE
    _printf_widthprec                        0x00000000   Number         0  printf_stubs.o ABSOLUTE
    __ARM_exceptions_init                     - Undefined Weak Reference
    __alloca_initialize                       - Undefined Weak Reference
    __cpp_initialize__aeabi_                  - Undefined Weak Reference
    __cxa_finalize                            - Undefined Weak Reference
    __sigvec_lookup                           - Undefined Weak Reference
    _atexit_init                              - Undefined Weak Reference
    _call_atexit_fns                          - Undefined Weak Reference
    _clock_init                               - Undefined Weak Reference
    _fp_trap_init                             - Undefined Weak Reference
    _fp_trap_shutdown                         - Undefined Weak Reference
    _get_lc_collate                           - Undefined Weak Reference
    _get_lc_monetary                          - Undefined Weak Reference
    _get_lc_time                              - Undefined Weak Reference
    _getenv_init                              - Undefined Weak Reference
    _handle_redirection                       - Undefined Weak Reference
    _init_alloc                               - Undefined Weak Reference
    _init_user_alloc                          - Undefined Weak Reference
    _initio                                   - Undefined Weak Reference
    _printf_fp_hex                            - Undefined Weak Reference
    _printf_mbtowc                            - Undefined Weak Reference
    _printf_wc                                - Undefined Weak Reference
    _rand_init                                - Undefined Weak Reference
    _signal_finish                            - Undefined Weak Reference
    _signal_init                              - Undefined Weak Reference
    _terminate_alloc                          - Undefined Weak Reference
    _terminate_user_alloc                     - Undefined Weak Reference
    _terminateio                              - Undefined Weak Reference
    __main                                   0x000000c1   Thumb Code     8  __main.o(!!!main)
    __scatterload                            0x000000c9   Thumb Code     0  __scatter.o(!!!scatter)
    __scatterload_rt2                        0x000000c9   Thumb Code    52  __scatter.o(!!!scatter)
    __scatterload_rt2_thumb_only             0x000000c9   Thumb Code     0  __scatter.o(!!!scatter)
    __scatterload_null                       0x000000d9   Thumb Code     0  __scatter.o(!!!scatter)
    __scatterload_copy                       0x00000105   Thumb Code    26  __scatter_copy.o(!!handler_copy)
    __scatterload_zeroinit                   0x00000121   Thumb Code    28  __scatter_zi.o(!!handler_zi)
    _printf_percent                          0x0000013d   Thumb Code     0  _printf_percent.o(.ARM.Collect$$_printf_percent$$00000000)
    _printf_n                                0x0000013f   Thumb Code     0  _printf_n.o(.ARM.Collect$$_printf_percent$$00000001)
    _printf_p                                0x00000149   Thumb Code     0  _printf_p.o(.ARM.Collect$$_printf_percent$$00000002)
    _printf_f                                0x00000153   Thumb Code     0  _printf_f.o(.ARM.Collect$$_printf_percent$$00000003)
    _printf_e                                0x0000015d   Thumb Code     0  _printf_e.o(.ARM.Collect$$_printf_percent$$00000004)
    _printf_g                                0x00000167   Thumb Code     0  _printf_g.o(.ARM.Collect$$_printf_percent$$00000005)
    _printf_a                                0x00000171   Thumb Code     0  _printf_a.o(.ARM.Collect$$_printf_percent$$00000006)
    _printf_ll                               0x0000017b   Thumb Code     0  _printf_ll.o(.ARM.Collect$$_printf_percent$$00000007)
    _printf_i                                0x00000185   Thumb Code     0  _printf_i.o(.ARM.Collect$$_printf_percent$$00000008)
    _printf_d                                0x0000018f   Thumb Code     0  _printf_d.o(.ARM.Collect$$_printf_percent$$00000009)
    _printf_u                                0x00000199   Thumb Code     0  _printf_u.o(.ARM.Collect$$_printf_percent$$0000000A)
    _printf_o                                0x000001a3   Thumb Code     0  _printf_o.o(.ARM.Collect$$_printf_percent$$0000000B)
    _printf_x                                0x000001ad   Thumb Code     0  _printf_x.o(.ARM.Collect$$_printf_percent$$0000000C)
    _printf_lli                              0x000001b7   Thumb Code     0  _printf_lli.o(.ARM.Collect$$_printf_percent$$0000000D)
    _printf_lld                              0x000001c1   Thumb Code     0  _printf_lld.o(.ARM.Collect$$_printf_percent$$0000000E)
    _printf_llu                              0x000001cb   Thumb Code     0  _printf_llu.o(.ARM.Collect$$_printf_percent$$0000000F)
    _printf_llo                              0x000001d5   Thumb Code     0  _printf_llo.o(.ARM.Collect$$_printf_percent$$00000010)
    _printf_llx                              0x000001df   Thumb Code     0  _printf_llx.o(.ARM.Collect$$_printf_percent$$00000011)
    _printf_l                                0x000001e9   Thumb Code     0  _printf_l.o(.ARM.Collect$$_printf_percent$$00000012)
    _printf_c                                0x000001f3   Thumb Code     0  _printf_c.o(.ARM.Collect$$_printf_percent$$00000013)
    _printf_s                                0x000001fd   Thumb Code     0  _printf_s.o(.ARM.Collect$$_printf_percent$$00000014)
    _printf_lc                               0x00000207   Thumb Code     0  _printf_lc.o(.ARM.Collect$$_printf_percent$$00000015)
    _printf_ls                               0x00000211   Thumb Code     0  _printf_ls.o(.ARM.Collect$$_printf_percent$$00000016)
    _printf_percent_end                      0x0000021b   Thumb Code     0  _printf_percent_end.o(.ARM.Collect$$_printf_percent$$00000017)
    __rt_lib_init                            0x0000021f   Thumb Code     0  libinit.o(.ARM.Collect$$libinit$$00000000)
    __rt_lib_init_fp_1                       0x00000221   Thumb Code     0  libinit2.o(.ARM.Collect$$libinit$$00000001)
    __rt_lib_init_heap_1                     0x00000225   Thumb Code     0  libinit2.o(.ARM.Collect$$libinit$$00000008)
    __rt_lib_init_lc_common                  0x00000225   Thumb Code     0  libinit2.o(.ARM.Collect$$libinit$$0000000D)
    __rt_lib_init_rand_1                     0x00000225   Thumb Code     0  libinit2.o(.ARM.Collect$$libinit$$0000000C)
    __rt_lib_init_user_alloc_1               0x00000225   Thumb Code     0  libinit2.o(.ARM.Collect$$libinit$$0000000A)
    __rt_lib_init_lc_collate_1               0x0000022b   Thumb Code     0  libinit2.o(.ARM.Collect$$libinit$$0000000F)
    __rt_lib_init_lc_ctype_2                 0x0000022b   Thumb Code     0  libinit2.o(.ARM.Collect$$libinit$$00000010)
    __rt_lib_init_lc_ctype_1                 0x00000237   Thumb Code     0  libinit2.o(.ARM.Collect$$libinit$$00000011)
    __rt_lib_init_lc_monetary_1              0x00000237   Thumb Code     0  libinit2.o(.ARM.Collect$$libinit$$00000013)
    __rt_lib_init_lc_numeric_2               0x00000237   Thumb Code     0  libinit2.o(.ARM.Collect$$libinit$$00000014)
    __rt_lib_init_alloca_1                   0x00000241   Thumb Code     0  libinit2.o(.ARM.Collect$$libinit$$0000002C)
    __rt_lib_init_argv_1                     0x00000241   Thumb Code     0  libinit2.o(.ARM.Collect$$libinit$$0000002A)
    __rt_lib_init_atexit_1                   0x00000241   Thumb Code     0  libinit2.o(.ARM.Collect$$libinit$$00000019)
    __rt_lib_init_clock_1                    0x00000241   Thumb Code     0  libinit2.o(.ARM.Collect$$libinit$$0000001F)
    __rt_lib_init_cpp_1                      0x00000241   Thumb Code     0  libinit2.o(.ARM.Collect$$libinit$$00000030)
    __rt_lib_init_exceptions_1               0x00000241   Thumb Code     0  libinit2.o(.ARM.Collect$$libinit$$0000002E)
    __rt_lib_init_fp_trap_1                  0x00000241   Thumb Code     0  libinit2.o(.ARM.Collect$$libinit$$0000001D)
    __rt_lib_init_getenv_1                   0x00000241   Thumb Code     0  libinit2.o(.ARM.Collect$$libinit$$00000021)
    __rt_lib_init_lc_numeric_1               0x00000241   Thumb Code     0  libinit2.o(.ARM.Collect$$libinit$$00000015)
    __rt_lib_init_lc_time_1                  0x00000241   Thumb Code     0  libinit2.o(.ARM.Collect$$libinit$$00000017)
    __rt_lib_init_return                     0x00000241   Thumb Code     0  libinit2.o(.ARM.Collect$$libinit$$00000031)
    __rt_lib_init_signal_1                   0x00000241   Thumb Code     0  libinit2.o(.ARM.Collect$$libinit$$0000001B)
    __rt_lib_init_stdio_1                    0x00000241   Thumb Code     0  libinit2.o(.ARM.Collect$$libinit$$00000023)
    __rt_lib_shutdown                        0x00000243   Thumb Code     0  libshutdown.o(.ARM.Collect$$libshutdown$$00000000)
    __rt_lib_shutdown_fp_trap_1              0x00000245   Thumb Code     0  libshutdown2.o(.ARM.Collect$$libshutdown$$00000006)
    __rt_lib_shutdown_heap_1                 0x00000245   Thumb Code     0  libshutdown2.o(.ARM.Collect$$libshutdown$$0000000E)
    __rt_lib_shutdown_return                 0x00000245   Thumb Code     0  libshutdown2.o(.ARM.Collect$$libshutdown$$0000000F)
    __rt_lib_shutdown_signal_1               0x00000245   Thumb Code     0  libshutdown2.o(.ARM.Collect$$libshutdown$$00000009)
    __rt_lib_shutdown_stdio_1                0x00000245   Thumb Code     0  libshutdown2.o(.ARM.Collect$$libshutdown$$00000003)
    __rt_lib_shutdown_user_alloc_1           0x00000245   Thumb Code     0  libshutdown2.o(.ARM.Collect$$libshutdown$$0000000B)
    __rt_entry                               0x00000247   Thumb Code     0  rtentry.o(.ARM.Collect$$rtentry$$00000000)
    __rt_entry_presh_1                       0x00000247   Thumb Code     0  rtentry2.o(.ARM.Collect$$rtentry$$00000002)
    __rt_entry_sh                            0x00000247   Thumb Code     0  rtentry4.o(.ARM.Collect$$rtentry$$00000004)
    __rt_entry_li                            0x0000024d   Thumb Code     0  rtentry2.o(.ARM.Collect$$rtentry$$0000000A)
    __rt_entry_postsh_1                      0x0000024d   Thumb Code     0  rtentry2.o(.ARM.Collect$$rtentry$$00000009)
    __rt_entry_main                          0x00000251   Thumb Code     0  rtentry2.o(.ARM.Collect$$rtentry$$0000000D)
    __rt_entry_postli_1                      0x00000251   Thumb Code     0  rtentry2.o(.ARM.Collect$$rtentry$$0000000C)
    __rt_exit                                0x00000259   Thumb Code     0  rtexit.o(.ARM.Collect$$rtexit$$00000000)
    __rt_exit_ls                             0x0000025b   Thumb Code     0  rtexit2.o(.ARM.Collect$$rtexit$$00000003)
    __rt_exit_prels_1                        0x0000025b   Thumb Code     0  rtexit2.o(.ARM.Collect$$rtexit$$00000002)
    __rt_exit_exit                           0x0000025f   Thumb Code     0  rtexit2.o(.ARM.Collect$$rtexit$$00000004)
    __aeabi_memcpy4                          0x00000265   Thumb Code    56  rt_memcpy.o(.emb_text)
    __aeabi_memcpy8                          0x00000265   Thumb Code     0  rt_memcpy.o(.emb_text)
    Reset_Handler                            0x0000029d   Thumb Code     4  startup_lpc11xx.o(.text)
    NMI_Handler                              0x000002a1   Thumb Code     2  startup_lpc11xx.o(.text)
    HardFault_Handler                        0x000002a3   Thumb Code     2  startup_lpc11xx.o(.text)
    MemManage_Handler                        0x000002a5   Thumb Code     2  startup_lpc11xx.o(.text)
    BusFault_Handler                         0x000002a7   Thumb Code     2  startup_lpc11xx.o(.text)
    UsageFault_Handler                       0x000002a9   Thumb Code     2  startup_lpc11xx.o(.text)
    SVC_Handler                              0x000002ab   Thumb Code     2  startup_lpc11xx.o(.text)
    DebugMon_Handler                         0x000002ad   Thumb Code     2  startup_lpc11xx.o(.text)
    PendSV_Handler                           0x000002af   Thumb Code     2  startup_lpc11xx.o(.text)
    ADC_IRQHandler                           0x000002b3   Thumb Code     0  startup_lpc11xx.o(.text)
    BOD_IRQHandler                           0x000002b3   Thumb Code     0  startup_lpc11xx.o(.text)
    FMC_IRQHandler                           0x000002b3   Thumb Code     0  startup_lpc11xx.o(.text)
    TIMER16_0_IRQHandler                     0x000002b3   Thumb Code     0  startup_lpc11xx.o(.text)
    TIMER16_1_IRQHandler                     0x000002b3   Thumb Code     0  startup_lpc11xx.o(.text)
    USB_FIQHandler                           0x000002b3   Thumb Code     0  startup_lpc11xx.o(.text)
    USB_IRQHandler                           0x000002b3   Thumb Code     0  startup_lpc11xx.o(.text)
    WAKEUP_IRQHandler                        0x000002b3   Thumb Code     0  startup_lpc11xx.o(.text)
    __user_initial_stackheap                 0x000002b5   Thumb Code     0  startup_lpc11xx.o(.text)
    __I$use$semihosting                      0x000002d1   Thumb Code     0  use_no_semi.o(.text)
    __use_no_semihosting_swi                 0x000002d1   Thumb Code     2  use_no_semi.o(.text)
    __2printf                                0x000002d5   Thumb Code    22  __2printf.o(.text)
    __use_two_region_memory                  0x000002f1   Thumb Code     2  heapauxi.o(.text)
    __rt_heap_escrow$2region                 0x000002f3   Thumb Code     2  heapauxi.o(.text)
    __rt_heap_expand$2region                 0x000002f5   Thumb Code     2  heapauxi.o(.text)
    __I$use$fp                               0x000002f6   Number         0  usenofp.o(x$fpl$usenofp)
    Main_PLL_Setup                           0x00000301   Thumb Code   142  system_lpc11xx.o(.text)
    SystemInit                               0x0000038f   Thumb Code    60  system_lpc11xx.o(.text)
    WDT_CLK_Setup                            0x000003e5   Thumb Code    66  clkconfig.o(.text)
    CLKOUT_Setup                             0x00000427   Thumb Code    48  clkconfig.o(.text)
    GPIOInit                                 0x00000461   Thumb Code    40  gpio.o(.text)
    GPIOSetInterrupt                         0x00000489   Thumb Code   446  gpio.o(.text)
    GPIOIntEnable                            0x00000647   Thumb Code    88  gpio.o(.text)
    GPIOIntDisable                           0x0000069f   Thumb Code    88  gpio.o(.text)
    GPIOIntStatus                            0x000006f7   Thumb Code   102  gpio.o(.text)
    GPIOIntClear                             0x0000075d   Thumb Code    88  gpio.o(.text)
    GPIOSetValue                             0x000007b5   Thumb Code    22  gpio.o(.text)
    GPIOGetValue                             0x000007cb   Thumb Code    18  gpio.o(.text)
    GPIOSetDir                               0x000007dd   Thumb Code    78  gpio.o(.text)
    UART_IRQHandler                          0x00000855   Thumb Code   186  uart.o(.text)
    UARTInit                                 0x0000090f   Thumb Code   200  uart.o(.text)
    UARTSend                                 0x000009d7   Thumb Code    32  uart.o(.text)
    UART0_PutChar                            0x000009f7   Thumb Code    20  uart.o(.text)
    UART0_PutString                          0x00000a0b   Thumb Code    22  uart.o(.text)
    UART0_printf                             0x00000a21   Thumb Code    40  uart.o(.text)
    UART0_GetChar                            0x00000a49   Thumb Code    54  uart.o(.text)
    PutCh                                    0x00000aa9   Thumb Code    20  retarget.o(.text)
    fputc                                    0x00000abd   Thumb Code    14  retarget.o(.text)
    GetCh                                    0x00000acb   Thumb Code    34  retarget.o(.text)
    fgetc                                    0x00000aed   Thumb Code    16  retarget.o(.text)
    _ttywrch                                 0x00000afd   Thumb Code    12  retarget.o(.text)
    ferror                                   0x00000b09   Thumb Code     8  retarget.o(.text)
    _sys_exit                                0x00000b11   Thumb Code     4  retarget.o(.text)
    GetCh_NoIRQ                              0x00000b15   Thumb Code    20  retarget.o(.text)
    delay32Ms                                0x00000b35   Thumb Code   126  timer32.o(.text)
    TIMER32_0_IRQHandler                     0x00000bb3   Thumb Code    58  timer32.o(.text)
    TIMER32_1_IRQHandler                     0x00000bed   Thumb Code    58  timer32.o(.text)
    enable_timer32                           0x00000c27   Thumb Code    20  timer32.o(.text)
    disable_timer32                          0x00000c3b   Thumb Code    20  timer32.o(.text)
    reset_timer32                            0x00000c4f   Thumb Code    34  timer32.o(.text)
    init_timer32                             0x00000c71   Thumb Code   226  timer32.o(.text)
    init_timer32_a1                          0x00000d53   Thumb Code    88  timer32.o(.text)
    init_timer32PWM                          0x00000dab   Thumb Code   450  timer32.o(.text)
    setMatch_timer32PWM                      0x00000f6d   Thumb Code    98  timer32.o(.text)
    SSP0_IRQHandler                          0x00000fe9   Thumb Code    72  ssp.o(.text)
    SSP1_IRQHandler                          0x00001031   Thumb Code    72  ssp.o(.text)
    SSP_IOConfig                             0x00001079   Thumb Code   324  ssp.o(.text)
    SPI_IOConfig                             0x000011bd   Thumb Code   392  ssp.o(.text)
    SSP_Init                                 0x00001345   Thumb Code   102  ssp.o(.text)
    SPI_Init                                 0x000013ab   Thumb Code   170  ssp.o(.text)
    SSP_Send                                 0x00001455   Thumb Code   106  ssp.o(.text)
    SSP_Receive                              0x000014bf   Thumb Code    76  ssp.o(.text)
    SPI_PutGet                               0x0000150b   Thumb Code   114  ssp.o(.text)
    I2C_IRQHandler                           0x00001599   Thumb Code   398  i2c.o(.text)
    I2CStart                                 0x00001727   Thumb Code    42  i2c.o(.text)
    I2CStop                                  0x00001751   Thumb Code    30  i2c.o(.text)
    I2CInit                                  0x0000176f   Thumb Code   122  i2c.o(.text)
    I2CEngine                                0x000017e9   Thumb Code    56  i2c.o(.text)
    I2CRead                                  0x00001821   Thumb Code    44  i2c.o(.text)
    I2CWrite                                 0x0000184d   Thumb Code    40  i2c.o(.text)
    CAN_MessageProcess                       0x000018a5   Thumb Code   132  can.o(.text)
    CAN_IRQHandler                           0x00001929   Thumb Code   130  can.o(.text)
    CAN_ConfigureMessages                    0x000019ab   Thumb Code   192  can.o(.text)
    CAN_Init                                 0x00001a6b   Thumb Code   168  can.o(.text)
    CAN_Send                                 0x00001b13   Thumb Code   184  can.o(.text)
    ADCInit_NXP                              0x00001c0d   Thumb Code   150  adc.o(.text)
    ADCInit                                  0x00001ca3   Thumb Code   126  adc.o(.text)
    ADCRead                                  0x00001d21   Thumb Code   102  adc.o(.text)
    ADCBurstRead                             0x00001d87   Thumb Code    52  adc.o(.text)
    ADC_Collect                              0x00001dbb   Thumb Code   112  adc.o(.text)
    Bet_Collect                              0x00001e2b   Thumb Code    52  adc.o(.text)
    WDT_IRQHandler                           0x00001ead   Thumb Code   108  wdt.o(.text)
    WDTInit                                  0x00001f19   Thumb Code   148  wdt.o(.text)
    WDTFeed                                  0x00001fad   Thumb Code    12  wdt.o(.text)
    delay_ms                                 0x00001fd9   Thumb Code   140  tools.o(.text)
    KEY_Init                                 0x0000206d   Thumb Code    64  key.o(.text)
    KEY_Read                                 0x000020ad   Thumb Code   102  key.o(.text)
    Seg7Led_Init                             0x00002115   Thumb Code    54  seg7led.o(.text)
    Seg7Led_Put                              0x0000214b   Thumb Code    86  seg7led.o(.text)
    uDelay                                   0x000021a5   Thumb Code    14  oled2864.o(.text)
    Delay                                    0x000021b3   Thumb Code    48  oled2864.o(.text)
    Write_Command                            0x000021e3   Thumb Code    54  oled2864.o(.text)
    Write_Data                               0x00002219   Thumb Code    54  oled2864.o(.text)
    Set_Start_Column                         0x0000224f   Thumb Code    44  oled2864.o(.text)
    Set_Addressing_Mode                      0x0000227b   Thumb Code    18  oled2864.o(.text)
    Set_Column_Address                       0x0000228d   Thumb Code    26  oled2864.o(.text)
    Set_Page_Address                         0x000022a7   Thumb Code    26  oled2864.o(.text)
    Set_Start_Line                           0x000022c1   Thumb Code    16  oled2864.o(.text)
    Set_Contrast_Control                     0x000022d1   Thumb Code    18  oled2864.o(.text)
    Set_Charge_Pump                          0x000022e3   Thumb Code    22  oled2864.o(.text)
    Set_Segment_Remap                        0x000022f9   Thumb Code    16  oled2864.o(.text)
    Set_Entire_Display                       0x00002309   Thumb Code    16  oled2864.o(.text)
    Set_Inverse_Display                      0x00002319   Thumb Code    16  oled2864.o(.text)
    Set_Multiplex_Ratio                      0x00002329   Thumb Code    18  oled2864.o(.text)
    Set_Display_On_Off                       0x0000233b   Thumb Code    16  oled2864.o(.text)
    Set_Start_Page                           0x0000234b   Thumb Code    16  oled2864.o(.text)
    Set_Common_Remap                         0x0000235b   Thumb Code    16  oled2864.o(.text)
    Set_Display_Offset                       0x0000236b   Thumb Code    18  oled2864.o(.text)
    Set_Display_Clock                        0x0000237d   Thumb Code    18  oled2864.o(.text)
    Set_Precharge_Period                     0x0000238f   Thumb Code    18  oled2864.o(.text)
    Set_Common_Config                        0x000023a1   Thumb Code    22  oled2864.o(.text)
    Set_VCOMH                                0x000023b7   Thumb Code    18  oled2864.o(.text)
    Set_NOP                                  0x000023c9   Thumb Code    10  oled2864.o(.text)
    Fill_RAM                                 0x000023d3   Thumb Code    48  oled2864.o(.text)
    OLED_ClearScreen                         0x00002403   Thumb Code    10  oled2864.o(.text)
    Fill_Block                               0x0000240d   Thumb Code    68  oled2864.o(.text)
    Checkerboard                             0x00002451   Thumb Code    52  oled2864.o(.text)
    Frame                                    0x00002485   Thumb Code   108  oled2864.o(.text)
    Show_Font57                              0x000024f1   Thumb Code    84  oled2864.o(.text)
    Show_String                              0x00002545   Thumb Code    60  oled2864.o(.text)
    Show_Pattern                             0x00002581   Thumb Code    78  oled2864.o(.text)
    OLED_DisChar                             0x000025cf   Thumb Code   120  oled2864.o(.text)
    OLED_DisStrLine                          0x00002647   Thumb Code    68  oled2864.o(.text)
    Vertical_Scroll                          0x0000268b   Thumb Code   124  oled2864.o(.text)
    Horizontal_Scroll                        0x00002707   Thumb Code    58  oled2864.o(.text)
    Continuous_Scroll                        0x00002741   Thumb Code    82  oled2864.o(.text)
    Deactivate_Scroll                        0x00002793   Thumb Code    10  oled2864.o(.text)
    Fade_In                                  0x0000279d   Thumb Code    44  oled2864.o(.text)
    Fade_Out                                 0x000027c9   Thumb Code    46  oled2864.o(.text)
    Sleep                                    0x000027f7   Thumb Code    46  oled2864.o(.text)
    Test                                     0x00002825   Thumb Code    34  oled2864.o(.text)
    OLED_Init_E                              0x00002847   Thumb Code   106  oled2864.o(.text)
    OLED_Init_I                              0x000028b1   Thumb Code   126  oled2864.o(.text)
    OLED_Test                                0x0000292f   Thumb Code   372  oled2864.o(.text)
    Read_Temp_Hum                            0x00002ab5   Thumb Code   470  temp_hum.o(.text)
    Temp_Hum_Collect                         0x00002c8b   Thumb Code   138  temp_hum.o(.text)
    Temp_Hum_Test                            0x00002d15   Thumb Code   338  temp_hum.o(.text)
    light_read                               0x00002f75   Thumb Code    86  light.o(.text)
    light_setRange                           0x00002feb   Thumb Code    96  light.o(.text)
    light_enable                             0x0000304b   Thumb Code    38  light.o(.text)
    light_init                               0x00003071   Thumb Code     2  light.o(.text)
    Light_Collect                            0x00003073   Thumb Code    68  light.o(.text)
    light_setMode                            0x000030d7   Thumb Code    44  light.o(.text)
    light_setWidth                           0x00003103   Thumb Code    98  light.o(.text)
    light_setHiThreshold                     0x00003165   Thumb Code    50  light.o(.text)
    light_setLoThreshold                     0x00003197   Thumb Code    50  light.o(.text)
    light_setIrqInCycles                     0x000031c9   Thumb Code    44  light.o(.text)
    light_getIrqStatus                       0x000031f5   Thumb Code    16  light.o(.text)
    light_clearIrqStatus                     0x00003205   Thumb Code    36  light.o(.text)
    light_shutdown                           0x00003229   Thumb Code    58  light.o(.text)
    Light_Test                               0x00003263   Thumb Code   108  light.o(.text)
    acc_read                                 0x0000333d   Thumb Code   120  acc.o(.text)
    acc_init                                 0x000033cd   Thumb Code    10  acc.o(.text)
    Axis3_Collect                            0x000033d7   Thumb Code   178  acc.o(.text)
    acc_setRange                             0x000034a9   Thumb Code    34  acc.o(.text)
    acc_setMode                              0x000034cb   Thumb Code    30  acc.o(.text)
    Axis3_Test                               0x000034e9   Thumb Code   238  acc.o(.text)
    RFID                                     0x00003649   Thumb Code   514  rfid.o(.text)
    RFID_CheckSum                            0x0000384b   Thumb Code    52  rfid.o(.text)
    RFID_Operate                             0x000038e9   Thumb Code   440  rfid.o(.text)
    RFID_Test                                0x00003aa1   Thumb Code   166  rfid.o(.text)
    SPI752_RegRead                           0x00003b55   Thumb Code    58  spi_uart.o(.text)
    ZigBee_IRQ_Process                       0x00003b8f   Thumb Code   140  spi_uart.o(.text)
    SPI752_RegWrite                          0x00003c1b   Thumb Code    52  spi_uart.o(.text)
    SPI752_Init                              0x00003c4f   Thumb Code   218  spi_uart.o(.text)
    SPI752_PutChar                           0x00003d29   Thumb Code    36  spi_uart.o(.text)
    RS485_PutChar                            0x00003d4d   Thumb Code    14  spi_uart.o(.text)
    RS485_PutString                          0x00003d5b   Thumb Code    24  spi_uart.o(.text)
    ZigBee_PutChar                           0x00003d73   Thumb Code    14  spi_uart.o(.text)
    ZigBee_PutString                         0x00003d81   Thumb Code    24  spi_uart.o(.text)
    SPI752_GetChar                           0x00003d99   Thumb Code   106  spi_uart.o(.text)
    RS485_GetChar                            0x00003e03   Thumb Code    14  spi_uart.o(.text)
    ZigBee_GetChar                           0x00003e11   Thumb Code    14  spi_uart.o(.text)
    ZigBee_Test                              0x00003e1f   Thumb Code   644  spi_uart.o(.text)
    RS485_Test                               0x000040a3   Thumb Code   552  spi_uart.o(.text)
    M0RecvFromA9                             0x0000441f   Thumb Code   138  main.o(.text)
    M0SendToA9                               0x000044a9   Thumb Code    80  main.o(.text)
    CollectData                              0x000044f9   Thumb Code    50  main.o(.text)
    WaitTime                                 0x0000452b   Thumb Code    72  main.o(.text)
    SystemInitStart                          0x00004573   Thumb Code   272  main.o(.text)
    main                                     0x00004683   Thumb Code    46  main.o(.text)
    SysTick_Handler                          0x000046b1   Thumb Code    84  main.o(.text)
    Dis_Menu                                 0x00004769   Thumb Code   200  menu.o(.text)
    speaker_op                               0x00004831   Thumb Code    50  led_spk_fan.o(.text)
    LED_Test                                 0x00004863   Thumb Code   282  led_spk_fan.o(.text)
    Speaker_Test                             0x0000497d   Thumb Code   254  led_spk_fan.o(.text)
    Fan_Test                                 0x00004a7b   Thumb Code   262  led_spk_fan.o(.text)
    PIOINT0_IRQHandler                       0x00004c01   Thumb Code    46  lpc11c14_it.o(.text)
    PIOINT1_IRQHandler                       0x00004c2f   Thumb Code    84  lpc11c14_it.o(.text)
    PIOINT2_IRQHandler                       0x00004c83   Thumb Code    34  lpc11c14_it.o(.text)
    PIOINT3_IRQHandler                       0x00004ca5   Thumb Code    48  lpc11c14_it.o(.text)
    __c89vsnprintf                           0x00004cf5   Thumb Code    50  c89vsnprintf.o(.text)
    __2snprintf                              0x00004d2d   Thumb Code    54  __2snprintf.o(.text)
    _printf_pre_padding                      0x00004d69   Thumb Code    44  _printf_pad.o(.text)
    _printf_post_padding                     0x00004d95   Thumb Code    34  _printf_pad.o(.text)
    _printf_str                              0x00004db7   Thumb Code    82  _printf_str.o(.text)
    _printf_int_dec                          0x00004e09   Thumb Code    90  _printf_dec.o(.text)
    _printf_longlong_hex                     0x00004e75   Thumb Code    88  _printf_hex_int_ll_ptr.o(.text)
    _printf_int_hex                          0x00004ecd   Thumb Code    28  _printf_hex_int_ll_ptr.o(.text)
    _printf_ll_hex                           0x00004ee9   Thumb Code    10  _printf_hex_int_ll_ptr.o(.text)
    _printf_hex_ptr                          0x00004ef3   Thumb Code    22  _printf_hex_int_ll_ptr.o(.text)
    __printf                                 0x00004f0d   Thumb Code   386  __printf_flags_ss_wp.o(.text)
    __aeabi_memcpy                           0x00005095   Thumb Code   130  rt_memcpy.o(.text)
    __rt_memcpy                              0x00005095   Thumb Code     0  rt_memcpy.o(.text)
    __aeabi_memset                           0x00005117   Thumb Code    18  aeabi_memset.o(.text)
    _memset_w                                0x00005129   Thumb Code    26  rt_memclr.o(.text)
    _memset                                  0x00005143   Thumb Code    30  rt_memclr.o(.text)
    __aeabi_memclr                           0x00005161   Thumb Code     4  rt_memclr.o(.text)
    __rt_memclr                              0x00005161   Thumb Code     0  rt_memclr.o(.text)
    __aeabi_memclr4                          0x00005165   Thumb Code     0  rt_memclr.o(.text)
    __aeabi_memclr8                          0x00005165   Thumb Code     0  rt_memclr.o(.text)
    __rt_memclr_w                            0x00005165   Thumb Code     4  rt_memclr.o(.text)
    __aeabi_uidiv                            0x00005169   Thumb Code     0  aeabi_sdiv.o(.text)
    __aeabi_uidivmod                         0x00005169   Thumb Code    20  aeabi_sdiv.o(.text)
    __aeabi_idiv                             0x0000517d   Thumb Code     0  aeabi_sdiv.o(.text)
    __aeabi_idivmod                          0x0000517d   Thumb Code   326  aeabi_sdiv.o(.text)
    __aeabi_d2f                              0x000052c5   Thumb Code     0  d2f.o(.text)
    _d2f                                     0x000052c5   Thumb Code   120  d2f.o(.text)
    __aeabi_ddiv                             0x00005341   Thumb Code     0  ddiv.o(.text)
    _ddiv                                    0x00005341   Thumb Code  1072  ddiv.o(.text)
    _drdiv                                   0x00005771   Thumb Code    20  ddiv.o(.text)
    __aeabi_i2d_normalise                    0x00005789   Thumb Code    66  dflti.o(.text)
    __aeabi_i2d                              0x000057cb   Thumb Code    16  dflti.o(.text)
    _dflt                                    0x000057cb   Thumb Code     0  dflti.o(.text)
    __aeabi_ui2d                             0x000057db   Thumb Code     6  dflti.o(.text)
    _dfltu                                   0x000057db   Thumb Code     0  dflti.o(.text)
    __aeabi_dmul                             0x000057e1   Thumb Code     0  dmul.o(.text)
    _dmul                                    0x000057e1   Thumb Code   592  dmul.o(.text)
    __aeabi_f2uiz                            0x00005a49   Thumb Code     0  ffixui.o(.text)
    _ffixu                                   0x00005a49   Thumb Code    48  ffixui.o(.text)
    _printf_truncate_signed                  0x00005a79   Thumb Code    18  _printf_truncate.o(.text)
    _printf_truncate_unsigned                0x00005a8b   Thumb Code    18  _printf_truncate.o(.text)
    _printf_int_common                       0x00005a9d   Thumb Code   176  _printf_intcommon.o(.text)
    _printf_charcount                        0x00005b4d   Thumb Code    38  _printf_charcount.o(.text)
    _printf_char_common                      0x00005b7f   Thumb Code    32  _printf_char_common.o(.text)
    _sputc                                   0x00005ba5   Thumb Code    10  _sputc.o(.text)
    _snputc                                  0x00005baf   Thumb Code    16  _snputc.o(.text)
    _printf_cs_common                        0x00005bbf   Thumb Code    22  _printf_char.o(.text)
    _printf_char                             0x00005bd5   Thumb Code    16  _printf_char.o(.text)
    _printf_string                           0x00005be5   Thumb Code     8  _printf_char.o(.text)
    _printf_char_file                        0x00005bed   Thumb Code    34  _printf_char_file.o(.text)
    _printf_wctomb                           0x00005c15   Thumb Code   182  _printf_wctomb.o(.text)
    _printf_longlong_dec                     0x00005cd1   Thumb Code    94  _printf_longlong_dec.o(.text)
    _printf_longlong_oct                     0x00005d41   Thumb Code    68  _printf_oct_int_ll.o(.text)
    _printf_int_oct                          0x00005d85   Thumb Code    24  _printf_oct_int_ll.o(.text)
    _printf_ll_oct                           0x00005d9d   Thumb Code    10  _printf_oct_int_ll.o(.text)
    __rt_udiv10                              0x00005db1   Thumb Code    40  rtudiv10.o(.text)
    _ll_udiv10                               0x00005dd9   Thumb Code   122  lludiv10.o(.text)
    __lib_sel_fp_printf                      0x00005e55   Thumb Code     2  _printf_fp_dec.o(.text)
    _printf_fp_dec_real                      0x00005fef   Thumb Code   620  _printf_fp_dec.o(.text)
    _printf_lcs_common                       0x00006269   Thumb Code    22  _printf_wchar.o(.text)
    _printf_wchar                            0x0000627f   Thumb Code    16  _printf_wchar.o(.text)
    _printf_wstring                          0x0000628f   Thumb Code     8  _printf_wchar.o(.text)
    _wcrtomb                                 0x00006297   Thumb Code    68  _wcrtomb.o(.text)
    __user_setup_stackheap                   0x000062db   Thumb Code    62  sys_stackheap_outer.o(.text)
    __rt_ctype_table                         0x00006319   Thumb Code    16  rt_ctype_table.o(.text)
    __rt_locale                              0x00006329   Thumb Code     8  rt_locale_intlibspace.o(.text)
    _printf_fp_infnan                        0x00006331   Thumb Code   120  _printf_fp_infnan.o(.text)
    _btod_etento                             0x000063b9   Thumb Code   196  bigflt0.o(.text)
    _btod_d2e                                0x00006481   Thumb Code    64  btod.o(.text)
    _btod_emul                               0x00006877   Thumb Code    24  btod.o(.text)
    _btod_emuld                              0x0000688f   Thumb Code    60  btod.o(.text)
    _btod_ediv                               0x000068cb   Thumb Code    22  btod.o(.text)
    _btod_edivd                              0x000068e1   Thumb Code    60  btod.o(.text)
    exit                                     0x00006929   Thumb Code    12  exit.o(.text)
    __user_libspace                          0x00006935   Thumb Code     8  libspace.o(.text)
    __user_perproc_libspace                  0x00006935   Thumb Code     0  libspace.o(.text)
    __user_perthread_libspace                0x00006935   Thumb Code     0  libspace.o(.text)
    strcmp                                   0x0000693d   Thumb Code   132  strcmp.o(.text)
    __ARM_common_ll_muluu                    0x000069c5   Thumb Code    48  btod.o(i.__ARM_common_ll_muluu)
    __ARM_common_switch8                     0x000069f5   Thumb Code    28  i2c.o(i.__ARM_common_switch8)
    __ARM_fpclassify                         0x00006a11   Thumb Code    40  fpclassify.o(i.__ARM_fpclassify)
    _is_digit                                0x00006a3d   Thumb Code    14  __printf_wp.o(i._is_digit)
    _get_lc_numeric                          0x00006a4d   Thumb Code    44  lc_numeric_c.o(locale$$code)
    _get_lc_ctype                            0x00006a79   Thumb Code    44  lc_ctype_c.o(locale$$code)
    __aeabi_fmul                             0x00006aa5   Thumb Code     0  fmul.o(x$fpl$fmul)
    _fmul                                    0x00006aa5   Thumb Code   172  fmul.o(x$fpl$fmul)
    _printf_fp_dec                           0x00006b55   Thumb Code    16  printf1.o(x$fpl$printf1)
    segcode                                  0x00006bd0   Data          32  seg7led.o(.constdata)
    UniV                                     0x00006c00   Data         192  oled2864.o(.constdata)
    Ascii_1                                  0x00006cc0   Data        1205  oled2864.o(.constdata)
    Ascii_2                                  0x00007175   Data         535  oled2864.o(.constdata)
    RFID_READ_MOD_TYPE_01                    0x0000739c   Data           2  rfid.o(.constdata)
    RFID_READ_TYPE_19                        0x0000739e   Data           2  rfid.o(.constdata)
    RFID_READ_CARD_20                        0x000073a0   Data           2  rfid.o(.constdata)
    RFID_READ_DATA_BLOCK_21                  0x000073a2   Data          10  rfid.o(.constdata)
    RFID_WRITE_DATA_BLOCK_22_0               0x000073ac   Data          26  rfid.o(.constdata)
    RFID_WRITE_DATA_BLOCK_22_1               0x000073c6   Data          26  rfid.o(.constdata)
    Region$$Table$$Base                      0x00007538   Number         0  anon$$obj.o(Region$$Table)
    Region$$Table$$Limit                     0x00007558   Number         0  anon$$obj.o(Region$$Table)
    __ctype                                  0x00007581   Data           0  lc_ctype_c.o(locale$$data)
    ClockSource                              0x10000000   Data           4  system_lpc11xx.o(.data)
    SystemFrequency                          0x10000004   Data           4  system_lpc11xx.o(.data)
    SystemAHBFrequency                       0x10000008   Data           4  system_lpc11xx.o(.data)
    UARTStatus                               0x1000000c   Data           4  uart.o(.data)
    UARTTxEmpty                              0x10000010   Data           1  uart.o(.data)
    UARTCount                                0x10000014   Data           4  uart.o(.data)
    UART_op                                  0x10000018   Data           4  uart.o(.data)
    __stdout                                 0x1000001c   Data           4  retarget.o(.data)
    __stdin                                  0x10000020   Data           4  retarget.o(.data)
    timer32_0_counter                        0x10000024   Data           4  timer32.o(.data)
    timer32_1_counter                        0x10000028   Data           4  timer32.o(.data)
    timer32_0_capture                        0x1000002c   Data           4  timer32.o(.data)
    timer32_1_capture                        0x10000030   Data           4  timer32.o(.data)
    timer32_0_period                         0x10000034   Data           4  timer32.o(.data)
    timer32_1_period                         0x10000038   Data           4  timer32.o(.data)
    interruptRxStat0                         0x1000003c   Data           4  ssp.o(.data)
    interruptOverRunStat0                    0x10000040   Data           4  ssp.o(.data)
    interruptRxTimeoutStat0                  0x10000044   Data           4  ssp.o(.data)
    interruptRxStat1                         0x10000048   Data           4  ssp.o(.data)
    interruptOverRunStat1                    0x1000004c   Data           4  ssp.o(.data)
    interruptRxTimeoutStat1                  0x10000050   Data           4  ssp.o(.data)
    BOffCnt                                  0x10000080   Data           4  can.o(.data)
    EWarnCnt                                 0x10000084   Data           4  can.o(.data)
    EPassCnt                                 0x10000088   Data           4  can.o(.data)
    wdt_counter                              0x1000008c   Data           4  wdt.o(.data)
    SPI752_rbuf_0_ip                         0x1000009c   Data           2  spi_uart.o(.data)
    SPI752_rbuf_0_op                         0x1000009e   Data           2  spi_uart.o(.data)
    SPI752_rbuf_1_ip                         0x100000a0   Data           2  spi_uart.o(.data)
    SPI752_rbuf_1_op                         0x100000a2   Data           2  spi_uart.o(.data)
    counter1                                 0x100000a4   Data           4  main.o(.data)
    counter2                                 0x100000a8   Data           4  main.o(.data)
    period                                   0x100000b4   Data           4  led_spk_fan.o(.data)
    i                                        0x100000b8   Data           4  led_spk_fan.o(.data)
    gpio0_counter                            0x100000bc   Data           4  lpc11c14_it.o(.data)
    p0_1_counter                             0x100000c0   Data           4  lpc11c14_it.o(.data)
    gpio1_counter                            0x100000c4   Data           4  lpc11c14_it.o(.data)
    p1_1_counter                             0x100000c8   Data           4  lpc11c14_it.o(.data)
    gpio2_counter                            0x100000cc   Data           4  lpc11c14_it.o(.data)
    p2_8_counter                             0x100000d0   Data           4  lpc11c14_it.o(.data)
    gpio3_counter                            0x100000d4   Data           4  lpc11c14_it.o(.data)
    p3_1_counter                             0x100000d8   Data           4  lpc11c14_it.o(.data)
    p3_2_counter                             0x100000dc   Data           4  lpc11c14_it.o(.data)
    p3_2_tc                                  0x100000e0   Data           4  lpc11c14_it.o(.data)
    UARTBuffer                               0x100000e4   Data          64  uart.o(.bss)
    CANRxDone                                0x10000124   Data         128  can.o(.bss)
    can_buff                                 0x100001a4   Data         768  can.o(.bss)
    ADCValue                                 0x100004a4   Data          32  adc.o(.bss)
    SPI752_rbuf_0                            0x1000054c   Data         128  spi_uart.o(.bss)
    SPI752_rbuf_1                            0x100005cc   Data         128  spi_uart.o(.bss)
    __libspace_start                         0x1000064c   Data          96  libspace.o(.bss)
    __temporary_stack_top$libspace           0x100006ac   Data           0  libspace.o(.bss)



==============================================================================

Memory Map of the image

  Image Entry point : 0x000000c1

  Load Region LR_IROM1 (Base: 0x00000000, Size: 0x00007768, Max: 0x00008000, ABSOLUTE)

    Execution Region ER_IROM1 (Base: 0x00000000, Size: 0x00007684, Max: 0x00008000, ABSOLUTE)

    Base Addr    Size         Type   Attr      Idx    E Section Name        Object

    0x00000000   0x000000c0   Data   RO            3    RESET               startup_lpc11xx.o
    0x000000c0   0x00000008   Code   RO          678  * !!!main             c_p.l(__main.o)
    0x000000c8   0x0000003c   Code   RO          941    !!!scatter          c_p.l(__scatter.o)
    0x00000104   0x0000001a   Code   RO          943    !!handler_copy      c_p.l(__scatter_copy.o)
    0x0000011e   0x00000002   PAD
    0x00000120   0x0000001c   Code   RO          945    !!handler_zi        c_p.l(__scatter_zi.o)
    0x0000013c   0x00000002   Code   RO          657    .ARM.Collect$$_printf_percent$$00000000  c_p.l(_printf_percent.o)
    0x0000013e   0x0000000a   Code   RO          726    .ARM.Collect$$_printf_percent$$00000001  c_p.l(_printf_n.o)
    0x00000148   0x0000000a   Code   RO          727    .ARM.Collect$$_printf_percent$$00000002  c_p.l(_printf_p.o)
    0x00000152   0x0000000a   Code   RO          731    .ARM.Collect$$_printf_percent$$00000003  c_p.l(_printf_f.o)
    0x0000015c   0x0000000a   Code   RO          732    .ARM.Collect$$_printf_percent$$00000004  c_p.l(_printf_e.o)
    0x00000166   0x0000000a   Code   RO          733    .ARM.Collect$$_printf_percent$$00000005  c_p.l(_printf_g.o)
    0x00000170   0x0000000a   Code   RO          734    .ARM.Collect$$_printf_percent$$00000006  c_p.l(_printf_a.o)
    0x0000017a   0x0000000a   Code   RO          739    .ARM.Collect$$_printf_percent$$00000007  c_p.l(_printf_ll.o)
    0x00000184   0x0000000a   Code   RO          729    .ARM.Collect$$_printf_percent$$00000008  c_p.l(_printf_i.o)
    0x0000018e   0x0000000a   Code   RO          656    .ARM.Collect$$_printf_percent$$00000009  c_p.l(_printf_d.o)
    0x00000198   0x0000000a   Code   RO          730    .ARM.Collect$$_printf_percent$$0000000A  c_p.l(_printf_u.o)
    0x000001a2   0x0000000a   Code   RO          728    .ARM.Collect$$_printf_percent$$0000000B  c_p.l(_printf_o.o)
    0x000001ac   0x0000000a   Code   RO          655    .ARM.Collect$$_printf_percent$$0000000C  c_p.l(_printf_x.o)
    0x000001b6   0x0000000a   Code   RO          736    .ARM.Collect$$_printf_percent$$0000000D  c_p.l(_printf_lli.o)
    0x000001c0   0x0000000a   Code   RO          737    .ARM.Collect$$_printf_percent$$0000000E  c_p.l(_printf_lld.o)
    0x000001ca   0x0000000a   Code   RO          738    .ARM.Collect$$_printf_percent$$0000000F  c_p.l(_printf_llu.o)
    0x000001d4   0x0000000a   Code   RO          743    .ARM.Collect$$_printf_percent$$00000010  c_p.l(_printf_llo.o)
    0x000001de   0x0000000a   Code   RO          744    .ARM.Collect$$_printf_percent$$00000011  c_p.l(_printf_llx.o)
    0x000001e8   0x0000000a   Code   RO          740    .ARM.Collect$$_printf_percent$$00000012  c_p.l(_printf_l.o)
    0x000001f2   0x0000000a   Code   RO          725    .ARM.Collect$$_printf_percent$$00000013  c_p.l(_printf_c.o)
    0x000001fc   0x0000000a   Code   RO          654    .ARM.Collect$$_printf_percent$$00000014  c_p.l(_printf_s.o)
    0x00000206   0x0000000a   Code   RO          741    .ARM.Collect$$_printf_percent$$00000015  c_p.l(_printf_lc.o)
    0x00000210   0x0000000a   Code   RO          742    .ARM.Collect$$_printf_percent$$00000016  c_p.l(_printf_ls.o)
    0x0000021a   0x00000004   Code   RO          735    .ARM.Collect$$_printf_percent$$00000017  c_p.l(_printf_percent_end.o)
    0x0000021e   0x00000002   Code   RO          810    .ARM.Collect$$libinit$$00000000  c_p.l(libinit.o)
    0x00000220   0x00000004   Code   RO          832    .ARM.Collect$$libinit$$00000001  c_p.l(libinit2.o)
    0x00000224   0x00000000   Code   RO          836    .ARM.Collect$$libinit$$00000008  c_p.l(libinit2.o)
    0x00000224   0x00000000   Code   RO          838    .ARM.Collect$$libinit$$0000000A  c_p.l(libinit2.o)
    0x00000224   0x00000000   Code   RO          840    .ARM.Collect$$libinit$$0000000C  c_p.l(libinit2.o)
    0x00000224   0x00000006   Code   RO          841    .ARM.Collect$$libinit$$0000000D  c_p.l(libinit2.o)
    0x0000022a   0x00000000   Code   RO          843    .ARM.Collect$$libinit$$0000000F  c_p.l(libinit2.o)
    0x0000022a   0x0000000c   Code   RO          844    .ARM.Collect$$libinit$$00000010  c_p.l(libinit2.o)
    0x00000236   0x00000000   Code   RO          845    .ARM.Collect$$libinit$$00000011  c_p.l(libinit2.o)
    0x00000236   0x00000000   Code   RO          847    .ARM.Collect$$libinit$$00000013  c_p.l(libinit2.o)
    0x00000236   0x0000000a   Code   RO          848    .ARM.Collect$$libinit$$00000014  c_p.l(libinit2.o)
    0x00000240   0x00000000   Code   RO          849    .ARM.Collect$$libinit$$00000015  c_p.l(libinit2.o)
    0x00000240   0x00000000   Code   RO          851    .ARM.Collect$$libinit$$00000017  c_p.l(libinit2.o)
    0x00000240   0x00000000   Code   RO          853    .ARM.Collect$$libinit$$00000019  c_p.l(libinit2.o)
    0x00000240   0x00000000   Code   RO          855    .ARM.Collect$$libinit$$0000001B  c_p.l(libinit2.o)
    0x00000240   0x00000000   Code   RO          857    .ARM.Collect$$libinit$$0000001D  c_p.l(libinit2.o)
    0x00000240   0x00000000   Code   RO          859    .ARM.Collect$$libinit$$0000001F  c_p.l(libinit2.o)
    0x00000240   0x00000000   Code   RO          861    .ARM.Collect$$libinit$$00000021  c_p.l(libinit2.o)
    0x00000240   0x00000000   Code   RO          863    .ARM.Collect$$libinit$$00000023  c_p.l(libinit2.o)
    0x00000240   0x00000000   Code   RO          867    .ARM.Collect$$libinit$$0000002A  c_p.l(libinit2.o)
    0x00000240   0x00000000   Code   RO          869    .ARM.Collect$$libinit$$0000002C  c_p.l(libinit2.o)
    0x00000240   0x00000000   Code   RO          871    .ARM.Collect$$libinit$$0000002E  c_p.l(libinit2.o)
    0x00000240   0x00000000   Code   RO          873    .ARM.Collect$$libinit$$00000030  c_p.l(libinit2.o)
    0x00000240   0x00000002   Code   RO          874    .ARM.Collect$$libinit$$00000031  c_p.l(libinit2.o)
    0x00000242   0x00000002   Code   RO          898    .ARM.Collect$$libshutdown$$00000000  c_p.l(libshutdown.o)
    0x00000244   0x00000000   Code   RO          925    .ARM.Collect$$libshutdown$$00000003  c_p.l(libshutdown2.o)
    0x00000244   0x00000000   Code   RO          928    .ARM.Collect$$libshutdown$$00000006  c_p.l(libshutdown2.o)
    0x00000244   0x00000000   Code   RO          931    .ARM.Collect$$libshutdown$$00000009  c_p.l(libshutdown2.o)
    0x00000244   0x00000000   Code   RO          933    .ARM.Collect$$libshutdown$$0000000B  c_p.l(libshutdown2.o)
    0x00000244   0x00000000   Code   RO          936    .ARM.Collect$$libshutdown$$0000000E  c_p.l(libshutdown2.o)
    0x00000244   0x00000002   Code   RO          937    .ARM.Collect$$libshutdown$$0000000F  c_p.l(libshutdown2.o)
    0x00000246   0x00000000   Code   RO          693    .ARM.Collect$$rtentry$$00000000  c_p.l(rtentry.o)
    0x00000246   0x00000000   Code   RO          751    .ARM.Collect$$rtentry$$00000002  c_p.l(rtentry2.o)
    0x00000246   0x00000006   Code   RO          763    .ARM.Collect$$rtentry$$00000004  c_p.l(rtentry4.o)
    0x0000024c   0x00000000   Code   RO          753    .ARM.Collect$$rtentry$$00000009  c_p.l(rtentry2.o)
    0x0000024c   0x00000004   Code   RO          754    .ARM.Collect$$rtentry$$0000000A  c_p.l(rtentry2.o)
    0x00000250   0x00000000   Code   RO          756    .ARM.Collect$$rtentry$$0000000C  c_p.l(rtentry2.o)
    0x00000250   0x00000008   Code   RO          757    .ARM.Collect$$rtentry$$0000000D  c_p.l(rtentry2.o)
    0x00000258   0x00000002   Code   RO          819    .ARM.Collect$$rtexit$$00000000  c_p.l(rtexit.o)
    0x0000025a   0x00000000   Code   RO          876    .ARM.Collect$$rtexit$$00000002  c_p.l(rtexit2.o)
    0x0000025a   0x00000004   Code   RO          877    .ARM.Collect$$rtexit$$00000003  c_p.l(rtexit2.o)
    0x0000025e   0x00000006   Code   RO          878    .ARM.Collect$$rtexit$$00000004  c_p.l(rtexit2.o)
    0x00000264   0x00000038   Code   RO          664    .emb_text           c_p.l(rt_memcpy.o)
    0x0000029c   0x00000034   Code   RO            5    .text               startup_lpc11xx.o
    0x000002d0   0x00000002   Code   RO          593    .text               c_p.l(use_no_semi.o)
    0x000002d2   0x00000002   PAD
    0x000002d4   0x0000001c   Code   RO          597    .text               c_p.l(__2printf.o)
    0x000002f0   0x00000006   Code   RO          676    .text               c_p.l(heapauxi.o)
    0x000002f6   0x00000000   Code   RO          749    x$fpl$usenofp       fz_ps.l(usenofp.o)
    0x000002f6   0x00000006   PAD
    0x000002fc   0x00000004   Code   RO            4    .ARM.__at_0x02FC    startup_lpc11xx.o
    0x00000300   0x000000e4   Code   RO           27    .text               system_lpc11xx.o
    0x000003e4   0x0000007c   Code   RO           51    .text               clkconfig.o
    0x00000460   0x000003f4   Code   RO           70    .text               gpio.o
    0x00000854   0x00000254   Code   RO           90    .text               uart.o
    0x00000aa8   0x0000008c   Code   RO          119    .text               retarget.o
    0x00000b34   0x000004b4   Code   RO          142    .text               timer32.o
    0x00000fe8   0x000005b0   Code   RO          160    .text               ssp.o
    0x00001598   0x0000030c   Code   RO          180    .text               i2c.o
    0x000018a4   0x00000368   Code   RO          208    .text               can.o
    0x00001c0c   0x000002a0   Code   RO          228    .text               adc.o
    0x00001eac   0x0000012c   Code   RO          261    .text               wdt.o
    0x00001fd8   0x00000094   Code   RO          279    .text               tools.o
    0x0000206c   0x000000a6   Code   RO          299    .text               key.o
    0x00002112   0x00000002   PAD
    0x00002114   0x00000090   Code   RO          313    .text               seg7led.o
    0x000021a4   0x00000910   Code   RO          331    .text               oled2864.o
    0x00002ab4   0x000004c0   Code   RO          346    .text               temp_hum.o
    0x00002f74   0x000003a8   Code   RO          361    .text               light.o
    0x0000331c   0x0000032c   Code   RO          378    .text               acc.o
    0x00003648   0x0000050c   Code   RO          393    .text               rfid.o
    0x00003b54   0x0000085c   Code   RO          419    .text               spi_uart.o
    0x000043b0   0x000003b8   Code   RO          439    .text               main.o
    0x00004768   0x000000c8   Code   RO          501    .text               menu.o
    0x00004830   0x000003d0   Code   RO          527    .text               led_spk_fan.o
    0x00004c00   0x000000f4   Code   RO          544    .text               lpc11c14_it.o
    0x00004cf4   0x00000038   Code   RO          595    .text               c_p.l(c89vsnprintf.o)
    0x00004d2c   0x0000003c   Code   RO          599    .text               c_p.l(__2snprintf.o)
    0x00004d68   0x0000004e   Code   RO          607    .text               c_p.l(_printf_pad.o)
    0x00004db6   0x00000052   Code   RO          609    .text               c_p.l(_printf_str.o)
    0x00004e08   0x0000006c   Code   RO          611    .text               c_p.l(_printf_dec.o)
    0x00004e74   0x00000098   Code   RO          631    .text               c_p.l(_printf_hex_int_ll_ptr.o)
    0x00004f0c   0x00000188   Code   RO          651    .text               c_p.l(__printf_flags_ss_wp.o)
    0x00005094   0x00000082   Code   RO          665    .text               c_p.l(rt_memcpy.o)
    0x00005116   0x00000012   Code   RO          668    .text               c_p.l(aeabi_memset.o)
    0x00005128   0x00000040   Code   RO          670    .text               c_p.l(rt_memclr.o)
    0x00005168   0x0000015a   Code   RO          672    .text               c_p.l(aeabi_sdiv.o)
    0x000052c2   0x00000002   PAD
    0x000052c4   0x0000007c   Code   RO          680    .text               fz_ps.l(d2f.o)
    0x00005340   0x00000448   Code   RO          682    .text               fz_ps.l(ddiv.o)
    0x00005788   0x00000058   Code   RO          685    .text               fz_ps.l(dflti.o)
    0x000057e0   0x00000268   Code   RO          687    .text               fz_ps.l(dmul.o)
    0x00005a48   0x00000030   Code   RO          689    .text               fz_ps.l(ffixui.o)
    0x00005a78   0x00000024   Code   RO          698    .text               c_p.l(_printf_truncate.o)
    0x00005a9c   0x000000b0   Code   RO          700    .text               c_p.l(_printf_intcommon.o)
    0x00005b4c   0x00000026   Code   RO          702    .text               c_p.l(_printf_charcount.o)
    0x00005b72   0x00000002   PAD
    0x00005b74   0x00000030   Code   RO          704    .text               c_p.l(_printf_char_common.o)
    0x00005ba4   0x0000000a   Code   RO          706    .text               c_p.l(_sputc.o)
    0x00005bae   0x00000010   Code   RO          708    .text               c_p.l(_snputc.o)
    0x00005bbe   0x0000002e   Code   RO          710    .text               c_p.l(_printf_char.o)
    0x00005bec   0x00000028   Code   RO          712    .text               c_p.l(_printf_char_file.o)
    0x00005c14   0x000000bc   Code   RO          714    .text               c_p.l(_printf_wctomb.o)
    0x00005cd0   0x00000070   Code   RO          717    .text               c_p.l(_printf_longlong_dec.o)
    0x00005d40   0x00000070   Code   RO          723    .text               c_p.l(_printf_oct_int_ll.o)
    0x00005db0   0x00000028   Code   RO          745    .text               c_p.l(rtudiv10.o)
    0x00005dd8   0x0000007a   Code   RO          767    .text               c_p.l(lludiv10.o)
    0x00005e52   0x00000002   PAD
    0x00005e54   0x00000414   Code   RO          769    .text               c_p.l(_printf_fp_dec.o)
    0x00006268   0x0000002e   Code   RO          773    .text               c_p.l(_printf_wchar.o)
    0x00006296   0x00000044   Code   RO          775    .text               c_p.l(_wcrtomb.o)
    0x000062da   0x0000003e   Code   RO          777    .text               c_p.l(sys_stackheap_outer.o)
    0x00006318   0x00000010   Code   RO          780    .text               c_p.l(rt_ctype_table.o)
    0x00006328   0x00000008   Code   RO          785    .text               c_p.l(rt_locale_intlibspace.o)
    0x00006330   0x00000088   Code   RO          787    .text               c_p.l(_printf_fp_infnan.o)
    0x000063b8   0x000000c8   Code   RO          789    .text               c_p.l(bigflt0.o)
    0x00006480   0x000004a8   Code   RO          792    .text               c_p.l(btod.o)
    0x00006928   0x0000000c   Code   RO          799    .text               c_p.l(exit.o)
    0x00006934   0x00000008   Code   RO          815    .text               c_p.l(libspace.o)
    0x0000693c   0x00000088   Code   RO          830    .text               c_p.l(strcmp.o)
    0x000069c4   0x00000030   Code   RO          794    i.__ARM_common_ll_muluu  c_p.l(btod.o)
    0x000069f4   0x0000001c   Code   RO          191    i.__ARM_common_switch8  i2c.o
    0x00006a10   0x0000002c   Code   RO          813    i.__ARM_fpclassify  m_ps.l(fpclassify.o)
    0x00006a3c   0x0000000e   Code   RO          644    i._is_digit         c_p.l(__printf_wp.o)
    0x00006a4a   0x00000002   PAD
    0x00006a4c   0x0000002c   Code   RO          797    locale$$code        c_p.l(lc_numeric_c.o)
    0x00006a78   0x0000002c   Code   RO          824    locale$$code        c_p.l(lc_ctype_c.o)
    0x00006aa4   0x000000b0   Code   RO          691    x$fpl$fmul          fz_ps.l(fmul.o)
    0x00006b54   0x00000010   Code   RO          747    x$fpl$printf1       fz_ps.l(printf1.o)
    0x00006b64   0x00000010   Data   RO           71    .constdata          gpio.o
    0x00006b74   0x0000004a   Data   RO          230    .constdata          adc.o
    0x00006bbe   0x00000002   PAD
    0x00006bc0   0x00000030   Data   RO          314    .constdata          seg7led.o
    0x00006bf0   0x0000079c   Data   RO          332    .constdata          oled2864.o
    0x0000738c   0x00000054   Data   RO          395    .constdata          rfid.o
    0x000073e0   0x00000028   Data   RO          632    .constdata          c_p.l(_printf_hex_int_ll_ptr.o)
    0x00007408   0x00000011   Data   RO          652    .constdata          c_p.l(__printf_flags_ss_wp.o)
    0x00007419   0x00000080   Data   RO          683    .constdata          fz_ps.l(ddiv.o)
    0x00007499   0x00000003   PAD
    0x0000749c   0x00000008   Data   RO          715    .constdata          c_p.l(_printf_wctomb.o)
    0x000074a4   0x00000094   Data   RO          790    .constdata          c_p.l(bigflt0.o)
    0x00007538   0x00000020   Data   RO          939    Region$$Table       anon$$obj.o
    0x00007558   0x0000001c   Data   RO          796    locale$$data        c_p.l(lc_numeric_c.o)
    0x00007574   0x00000110   Data   RO          823    locale$$data        c_p.l(lc_ctype_c.o)


    Execution Region RW_IRAM1 (Base: 0x10000000, Size: 0x000008b0, Max: 0x00002000, ABSOLUTE)

    Base Addr    Size         Type   Attr      Idx    E Section Name        Object

    0x10000000   0x0000000c   Data   RW           28    .data               system_lpc11xx.o
    0x1000000c   0x00000010   Data   RW           92    .data               uart.o
    0x1000001c   0x00000008   Data   RW          120    .data               retarget.o
    0x10000024   0x00000018   Data   RW          143    .data               timer32.o
    0x1000003c   0x00000018   Data   RW          163    .data               ssp.o
    0x10000054   0x00000029   Data   RW          181    .data               i2c.o
    0x1000007d   0x00000003   PAD
    0x10000080   0x0000000c   Data   RW          211    .data               can.o
    0x1000008c   0x00000004   Data   RW          262    .data               wdt.o
    0x10000090   0x00000008   Data   RW          362    .data               light.o
    0x10000098   0x00000004   Data   RW          396    .data               rfid.o
    0x1000009c   0x00000008   Data   RW          422    .data               spi_uart.o
    0x100000a4   0x00000010   Data   RW          441    .data               main.o
    0x100000b4   0x00000008   Data   RW          529    .data               led_spk_fan.o
    0x100000bc   0x00000028   Data   RW          546    .data               lpc11c14_it.o
    0x100000e4   0x00000040   Zero   RW           91    .bss                uart.o
    0x10000124   0x00000380   Zero   RW          209    .bss                can.o
    0x100004a4   0x00000020   Zero   RW          229    .bss                adc.o
    0x100004c4   0x00000088   Zero   RW          394    .bss                rfid.o
    0x1000054c   0x00000100   Zero   RW          420    .bss                spi_uart.o
    0x1000064c   0x00000060   Zero   RW          816    .bss                c_p.l(libspace.o)
    0x100006ac   0x00000004   PAD
    0x100006b0   0x00000000   Zero   RW            2    HEAP                startup_lpc11xx.o
    0x100006b0   0x00000200   Zero   RW            1    STACK               startup_lpc11xx.o


==============================================================================

Image component sizes


      Code (inc. data)   RO Data    RW Data    ZI Data      Debug   Object Name

       812        114          0          0          0       4122   acc.o
       672         78         74          0         32       2664   adc.o
       872         66          0         12        896       4599   can.o
       124         10          0          0          0        677   clkconfig.o
         0          0          0          0          0       4272   core_cm0.o
      1012         28         16          0          0      11061   gpio.o
       808         62          0         41          0      18037   i2c.o
       166          0          0          0          0        696   key.o
       976        128          0          8          0       2443   led_spk_fan.o
       936         78          0          8          0       5600   light.o
       244         32          0         40          0       2033   lpc11c14_it.o
       952        100          0         16          0      11337   main.o
       200          0          0          0          0        639   menu.o
      2320         26       1948          0          0      11052   oled2864.o
       140         12          0          8          0       3597   retarget.o
      1292        150         84          4        136       5086   rfid.o
       144          4         48          0          0       1353   seg7led.o
      2140        328          0          8        256       5310   spi_uart.o
      1456         60          0         24          0       4169   ssp.o
        56         22        192          0        512       1048   startup_lpc11xx.o
       228         26          0         12          0       8449   system_lpc11xx.o
      1216        270          0          0          0       2698   temp_hum.o
      1204         56          0         24          0       3880   timer32.o
       148          8          0          0          0       1187   tools.o
       596         42          0         16         64      11351   uart.o
       300         32          0          4          0       1571   wdt.o

    ----------------------------------------------------------------------
     19016       1732       2396        228       1896     128931   Object Totals
         0          0         32          0          0          0   (incl. Generated)
         2          0          2          3          0          0   (incl. Padding)

    ----------------------------------------------------------------------

      Code (inc. data)   RO Data    RW Data    ZI Data      Debug   Library Member Name

        28          6          0          0          0         84   __2printf.o
        60          6          0          0          0         92   __2snprintf.o
         8          0          0          0          0         68   __main.o
       392          6         17          0          0         76   __printf_flags_ss_wp.o
        14          0          0          0          0         60   __printf_wp.o
        60          8          0          0          0          0   __scatter.o
        26          0          0          0          0          0   __scatter_copy.o
        28          0          0          0          0          0   __scatter_zi.o
        10          0          0          0          0          0   _printf_a.o
        10          0          0          0          0          0   _printf_c.o
        46          0          0          0          0        100   _printf_char.o
        48          6          0          0          0         88   _printf_char_common.o
        40          6          0          0          0         72   _printf_char_file.o
        38          0          0          0          0         60   _printf_charcount.o
        10          0          0          0          0          0   _printf_d.o
       108         18          0          0          0         76   _printf_dec.o
        10          0          0          0          0          0   _printf_e.o
        10          0          0          0          0          0   _printf_f.o
      1044         14          0          0          0        176   _printf_fp_dec.o
       136         16          0          0          0         76   _printf_fp_infnan.o
        10          0          0          0          0          0   _printf_g.o
       152          4         40          0          0        148   _printf_hex_int_ll_ptr.o
        10          0          0          0          0          0   _printf_i.o
       176          0          0          0          0         84   _printf_intcommon.o
        10          0          0          0          0          0   _printf_l.o
        10          0          0          0          0          0   _printf_lc.o
        10          0          0          0          0          0   _printf_ll.o
        10          0          0          0          0          0   _printf_lld.o
        10          0          0          0          0          0   _printf_lli.o
        10          0          0          0          0          0   _printf_llo.o
        10          0          0          0          0          0   _printf_llu.o
        10          0          0          0          0          0   _printf_llx.o
       112         18          0          0          0         76   _printf_longlong_dec.o
        10          0          0          0          0          0   _printf_ls.o
        10          0          0          0          0          0   _printf_n.o
        10          0          0          0          0          0   _printf_o.o
       112         10          0          0          0        112   _printf_oct_int_ll.o
        10          0          0          0          0          0   _printf_p.o
        78          0          0          0          0        100   _printf_pad.o
         2          0          0          0          0          0   _printf_percent.o
         4          0          0          0          0          0   _printf_percent_end.o
        10          0          0          0          0          0   _printf_s.o
        82          0          0          0          0         72   _printf_str.o
        36          0          0          0          0         76   _printf_truncate.o
        10          0          0          0          0          0   _printf_u.o
        46          0          0          0          0        100   _printf_wchar.o
       188          6          8          0          0         80   _printf_wctomb.o
        10          0          0          0          0          0   _printf_x.o
        16          0          0          0          0         60   _snputc.o
        10          0          0          0          0         60   _sputc.o
        68          0          0          0          0         72   _wcrtomb.o
        18          0          0          0          0         68   aeabi_memset.o
       346          0          0          0          0         92   aeabi_sdiv.o
       200          4        148          0          0         80   bigflt0.o
      1240         12          0          0          0        316   btod.o
        56          6          0          0          0         72   c89vsnprintf.o
        12          0          0          0          0         64   exit.o
         6          0          0          0          0        136   heapauxi.o
        44         10        272          0          0         76   lc_ctype_c.o
        44         10         28          0          0         76   lc_numeric_c.o
         2          0          0          0          0          0   libinit.o
        34          0          0          0          0          0   libinit2.o
         2          0          0          0          0          0   libshutdown.o
         2          0          0          0          0          0   libshutdown2.o
         8          4          0          0         96         68   libspace.o
       122          0          0          0          0         72   lludiv10.o
        16          4          0          0          0         76   rt_ctype_table.o
         8          4          0          0          0         68   rt_locale_intlibspace.o
        64          0          0          0          0        108   rt_memclr.o
       186          0          0          0          0        144   rt_memcpy.o
         0          0          0          0          0          0   rtentry.o
        12          0          0          0          0          0   rtentry2.o
         6          0          0          0          0          0   rtentry4.o
         2          0          0          0          0          0   rtexit.o
        10          0          0          0          0          0   rtexit2.o
        40          0          0          0          0         60   rtudiv10.o
       136          4          0          0          0         72   strcmp.o
        62          0          0          0          0         80   sys_stackheap_outer.o
         2          0          0          0          0         68   use_no_semi.o
       124          4          0          0          0         72   d2f.o
      1096         26        128          0          0        116   ddiv.o
        88          0          0          0          0         92   dflti.o
       616         24          0          0          0         84   dmul.o
        48          0          0          0          0         60   ffixui.o
       176          4          0          0          0         80   fmul.o
        16          4          0          0          0         76   printf1.o
         0          0          0          0          0          0   usenofp.o
        44          4          0          0          0         60   fpclassify.o

    ----------------------------------------------------------------------
      8284        248        644          0        100       4504   Library Totals
        18          0          3          0          4          0   (incl. Padding)

    ----------------------------------------------------------------------

      Code (inc. data)   RO Data    RW Data    ZI Data      Debug   Library Name

      6058        182        513          0         96       3864   c_p.l
      2164         62        128          0          0        580   fz_ps.l
        44          4          0          0          0         60   m_ps.l

    ----------------------------------------------------------------------
      8284        248        644          0        100       4504   Library Totals

    ----------------------------------------------------------------------

==============================================================================


      Code (inc. data)   RO Data    RW Data    ZI Data      Debug   

     27300       1980       3040        228       1996     129627   Grand Totals
     27300       1980       3040        228       1996     129627   ELF Image Totals
     27300       1980       3040        228          0          0   ROM Totals

==============================================================================

    Total RO  Size (Code + RO Data)                30340 (  29.63kB)
    Total RW  Size (RW Data + ZI Data)              2224 (   2.17kB)
    Total ROM Size (Code + RO Data + RW Data)      30568 (  29.85kB)

==============================================================================

